// Jest Snapshot v1, https://goo.gl/fbAQLP

exports[`My first snapshot test testing app Component 1`] = `
<div
  className="container"
>
  <div
    className="row"
  >
    <div
      className="text-center col-lg-12"
      style={
        Object {
          "marginTop": "20px",
        }
      }
    >
      <div
        className="container"
      >
        <div
          className="text-center card"
        >
          <div
            className="card-header"
            style={
              Object {
                "backgroundColor": "#E4E3E3",
                "fontSize": "40px",
                "fontWeight": "bold",
              }
            }
          >
            Library Management System
          </div>
        </div>
        <nav
          className="nav nav-tabs"
          onKeyDown={[Function]}
          role="tablist"
        >
          <a
            aria-selected={true}
            className="nav-item nav-link active"
            data-rb-event-key="admin"
            href="#"
            onClick={[Function]}
            onKeyDown={[Function]}
            role="tab"
          >
            Admin
          </a>
          <a
            aria-selected={false}
            className="nav-item nav-link"
            data-rb-event-key="librarian"
            href="#"
            onClick={[Function]}
            onKeyDown={[Function]}
            role="tab"
          >
            Librarian
          </a>
          <a
            aria-selected={false}
            className="nav-item nav-link"
            data-rb-event-key="instructor"
            href="#"
            onClick={[Function]}
            onKeyDown={[Function]}
            role="tab"
          >
            Instructor
          </a>
          <a
            aria-selected={false}
            className="nav-item nav-link"
            data-rb-event-key="student"
            href="#"
            onClick={[Function]}
            onKeyDown={[Function]}
            role="tab"
          >
            Student
          </a>
        </nav>
        <div
          className="tab-content"
        >
          <div
            aria-hidden={false}
            aria-labelledby={null}
            className="fade tab-pane active show"
            id={null}
            role="tabpanel"
          >
            <div
              className="card"
            >
              <div
                className="card-body"
              >
                <div
                  className="card-title h5"
                >
                  Admin
                </div>
                <p
                  className="card-text"
                >
                  Admin can access details of every user. Only he has the priviliges of adding and editing user details.
                </p>
                <a
                  className="btn btn-primary"
                  href="/admin"
                  onClick={[Function]}
                >
                  Log in as Admin
                </a>
              </div>
            </div>
          </div>
          <div
            aria-hidden={true}
            aria-labelledby={null}
            className="fade tab-pane"
            id={null}
            role="tabpanel"
          >
            <div
              className="card"
            >
              <div
                className="card-body"
              >
                <div
                  className="card-title h5"
                >
                  Librarian
                </div>
                <p
                  className="card-text"
                >
                  Librarian can add and update books in the library. Only he can asssign penalties for students.
                   
                </p>
                <a
                  className="btn btn-primary"
                  href="/librarian"
                  onClick={[Function]}
                >
                  Log in as Librarian
                </a>
              </div>
            </div>
          </div>
          <div
            aria-hidden={true}
            aria-labelledby={null}
            className="fade tab-pane"
            id={null}
            role="tabpanel"
          >
            <div
              className="card"
            >
              <div
                className="card-body"
              >
                <div
                  className="card-title h5"
                >
                  Instructor
                </div>
                <p
                  className="card-text"
                >
                  Instructor can access library. An instructor can add courses and assign some books.
                </p>
                <a
                  className="btn btn-primary"
                  href="/instructor"
                  onClick={[Function]}
                >
                  Log in as Instructor
                </a>
              </div>
            </div>
          </div>
          <div
            aria-hidden={true}
            aria-labelledby={null}
            className="fade tab-pane"
            id={null}
            role="tabpanel"
          >
            <div
              className="card"
            >
              <div
                className="card-body"
              >
                <div
                  className="card-title h5"
                >
                  Student
                </div>
                <p
                  className="card-text"
                >
                  Student can access library and courses. A student can check if any penalties are assigned.
                   
                </p>
                <a
                  className="btn btn-primary"
                  href="/student"
                  onClick={[Function]}
                >
                  Log in as Student
                </a>
              </div>
            </div>
          </div>
        </div>
        <div
          className="row"
        >
          <br />
          <br />
        </div>
        <div
          className="col"
        >
          <div
            className="carousel slide"
            onKeyDown={[Function]}
            onMouseOut={[Function]}
            onMouseOver={[Function]}
            onTouchEnd={[Function]}
            onTouchMove={[Function]}
            onTouchStart={[Function]}
          >
            <ol
              className="carousel-indicators"
            >
              <li
                className="active"
                onClick={[Function]}
              />
              <li
                onClick={[Function]}
              />
              <li
                onClick={[Function]}
              />
              <li
                onClick={[Function]}
              />
              <li
                onClick={[Function]}
              />
            </ol>
            <div
              className="carousel-inner"
            >
              <div
                className="active carousel-item"
                interval={1500}
              >
                <img
                  alt="first-slide"
                  className=""
                  src="https://www.thesaurus.com/e/wp-content/uploads/2016/12/1000x700-love-libraries-quotes-2-790x310.jpg"
                  style={
                    Object {
                      "backgroundColor": "black",
                      "height": "250px",
                    }
                  }
                />
              </div>
              <div
                className="carousel-item"
                interval={1500}
              >
                <img
                  alt="second-slide"
                  className=""
                  src="https://www.thesaurus.com/e/wp-content/uploads/2016/12/1000x700-love-libraries-quotes-1-790x310.jpg"
                  style={
                    Object {
                      "backgroundColor": "black",
                      "height": "250px",
                    }
                  }
                />
              </div>
              <div
                className="carousel-item"
                interval={1500}
              >
                <img
                  alt="third-slide"
                  className=""
                  src="https://www.thesaurus.com/e/wp-content/uploads/2016/12/1000x700-love-libraries-quotes-6-790x310.jpg"
                  style={
                    Object {
                      "backgroundColor": "black",
                      "height": "250px",
                    }
                  }
                />
              </div>
              <div
                className="carousel-item"
                interval={1500}
              >
                <img
                  alt="fourth-slide"
                  className=""
                  src="https://www.thesaurus.com/e/wp-content/uploads/2016/12/1000x700-love-libraries-quotes-9-790x310.jpg"
                  style={
                    Object {
                      "backgroundColor": "black",
                      "height": "250px",
                    }
                  }
                />
              </div>
              <div
                className="carousel-item"
                interval={1500}
              >
                <img
                  alt="five-slide"
                  className=""
                  src="https://www.thesaurus.com/e/wp-content/uploads/2016/12/1000x700-love-libraries-quotes-11-790x310.jpg"
                  style={
                    Object {
                      "backgroundColor": "black",
                      "height": "250px",
                    }
                  }
                />
              </div>
            </div>
            <a
              className="carousel-control-prev"
              href="#"
              onClick={[Function]}
              onKeyDown={[Function]}
              role="button"
            >
              <span
                aria-hidden="true"
                className="carousel-control-prev-icon"
              />
              <span
                className="sr-only"
              >
                Previous
              </span>
            </a>
            <a
              className="carousel-control-next"
              href="#"
              onClick={[Function]}
              onKeyDown={[Function]}
              role="button"
            >
              <span
                aria-hidden="true"
                className="carousel-control-next-icon"
              />
              <span
                className="sr-only"
              >
                Next
              </span>
            </a>
          </div>
        </div>
      </div>
    </div>
  </div>
</div>
`;
